
> arqovex-app@0.1.0 build
> next build

  Γû▓ Next.js 14.2.35
  - Environments: .env.local

   Creating an optimized production build ...
 Γ£ô Compiled successfully
   Linting and checking validity of types ...
node.exe : 
En C:\Program Files\nodejs\npm.ps1: 29 Carácter: 3
+   & $NODE_EXE $NPM_CLI_JS $args
+   ~~~~~~~~~~~~~~~~~~~~~~~~~~~~~
    + CategoryInfo          : NotSpecified: (:String) [] 
   , RemoteException
    + FullyQualifiedErrorId : NativeCommandError
 
Failed to compile.

./src/app/layout.tsx
37:9  Warning: Custom fonts not added in 
`pages/_document.js` will only load for a single page. 
This is discouraged. See: 
https://nextjs.org/docs/messages/no-page-custom-font  
@next/next/no-page-custom-font

./src/app/sitemap.xml/route.ts
3:10  Error: 'NextResponse' is defined but never used.  
@typescript-eslint/no-unused-vars

./src/components/ui/CalculadoraHipotecaria.tsx
32:8  Warning: React Hook useEffect has a missing 
dependency: 'calcularCuota'. Either include it or remove 
the dependency array.  react-hooks/exhaustive-deps

./src/components/ui/ReviewSection.tsx
160:37  Warning: Using `<img>` could result in slower 
LCP and higher bandwidth. Consider using `<Image />` 
from `next/image` to automatically optimize images. This 
may incur additional usage or cost from your provider. 
See: https://nextjs.org/docs/messages/no-img-element  
@next/next/no-img-element

info  - Need to disable some ESLint rules? Learn more 
here: https://nextjs.org/docs/basic-features/eslint#disab
ling-rules
